[1;30m[~][0m tgid=13186
[1;36m[*][0m g_iov_idx=0 spray=sendmsg
[1;36m[*][0m tracefs base=ffffffee26000000 slide=0000002e1e000000 (mode cnt 4096, samples 4096, candidate #0 mode=ffffffee26178510)
[1;36m[*][0m KASLR: base=0xffffffee26000000 slide=0x2e1e000000
[1;36m[*][0m selinux_state = 0xffffffee30da9d78
[1;36m[*][0m init_task     = 0xffffffee30c43640
[1;36m[*][0m fake_lock     = 0xffffffee30dca880
[1;36m[*][0m fake_lock2    = 0xffffffee30dca980
[1;36m[*][0m safe_write    = 0xffffffee30d53000 (empty_zero_page)
[1;30m[~][0m Y tid=13187
[1;30m[~][0m X tid=13188
[1;30m[~][0m topology ready; CMP_REQUEUE_PI(cond) -> cycle
[1;30m[~][0m CMP_REQUEUE_PI returned -35
[1;32m[+][0m -EDEADLK: full chain walk caught PI cycle
[1;36m[*][0m setsockopt ret=-1 errno=99 (Cannot assign requested address) STAMP_OFF=0x60 marker=4d434153544c4f43
[1;30m[~][0m phase1: sched_setscheduler(Y) -> settle ghost
[1;32m[+][0m phase1: chain walk settled
[1;36m[*][0m selinux = 1 (enforcing)
[1;36m[*][0m Y respray ret=-1 errno=99
[1;36m[*][0m write trigger=0 (value 0xffffffee30d53000 -> 0xffffffee30da9d78)
[1;36m[*][0m Y respray ret=-1 errno=99
[1;36m[*][0m write trigger=0 (value 0xffffffee30d53000 -> 0xffffffee30da9d7c)
[1;31m[-][0m selinux write fail (still 1)
[1;33m[!][0m stable test: parking forever. do not join/exit Y/X.
EXIT=124
