[1;30m[~][0m tgid=8316
[1;36m[*][0m g_iov_idx=0 spray=sendmsg
[1;36m[*][0m tracefs base=ffffffe92f600000 slide=0000002927600000 (mode cnt 847, samples 4096)
[1;36m[*][0m KASLR: base=0xffffffe92f600000 slide=0x2927600000
[1;36m[*][0m selinux_state = 0xffffffe93a3a9d78
[1;36m[*][0m init_task     = 0xffffffe93a243640
[1;36m[*][0m fake_lock     = 0xffffffe93a3ca880
[1;36m[*][0m fake_lock2    = 0xffffffe93a3ca980
[1;36m[*][0m safe_write    = 0xffffffe93a353000 (empty_zero_page)
[1;30m[~][0m Y tid=8317
[1;30m[~][0m X tid=8318
[1;30m[~][0m topology ready; CMP_REQUEUE_PI(cond) -> cycle
[1;30m[~][0m CMP_REQUEUE_PI returned -35
[1;32m[+][0m -EDEADLK: full chain walk caught PI cycle
[1;30m[~][0m phase1: sched_setscheduler(Y) -> settle ghost
[1;32m[+][0m phase1: chain walk settled
[1;36m[*][0m selinux = 1 (enforcing)
[1;36m[*][0m write trigger=0 (value 0xffffffe93a353000 -> 0xffffffe93a3a9d78)
[1;36m[*][0m write trigger=0 (value 0xffffffe93a353000 -> 0xffffffe93a3a9d7c)
[1;31m[-][0m selinux write fail (still 1)
[1;33m[!][0m stable test: parking forever. do not join/exit Y/X.
EXIT=124
