[1;30m[~][0m tgid=8495
[1;36m[*][0m g_iov_idx=0 spray=sendmsg
[1;36m[*][0m tracefs base=ffffffd58c000000 slide=0000001584000000 (mode cnt 2803, samples 4096, candidate #0 mode=ffffffd58c178510)
[1;36m[*][0m KASLR: base=0xffffffd58c000000 slide=0x1584000000
[1;36m[*][0m selinux_state = 0xffffffd58eda9d78
[1;36m[*][0m init_task     = 0xffffffd58ec43640
[1;36m[*][0m fake base     = posix_timers_hashtable + 0x200
[1;36m[*][0m fake_lock     = 0xffffffd58ed7c978
[1;36m[*][0m fake_lock2    = 0xffffffd58ed7c9f8
[1;36m[*][0m safe_write    = 0xffffffd58ed53000 (empty_zero_page)
[1;36m[*][0m val2mb        = 0xffffffd58e800000 (2MB-aligned)
[1;30m[~][0m Y tid=8497
[1;30m[~][0m X tid=8498
[1;30m[~][0m topology ready; CMP_REQUEUE_PI(cond) -> cycle
[1;30m[~][0m CMP_REQUEUE_PI returned -35
[1;32m[+][0m -EDEADLK: full chain walk caught PI cycle
[1;30m[~][0m phase1: sched_setscheduler(Y) -> settle ghost
[1;32m[+][0m phase1: chain walk settled
[1;36m[*][0m selinux = 1 (enforcing)
EXIT=0
