[1;30m[~][0m tgid=9189
[1;36m[*][0m g_iov_idx=0 spray=sendmsg
[1;36m[*][0m tracefs base=ffffffd169600000 slide=0000001161600000 (mode cnt 2731, samples 4096, candidate #0 mode=ffffffd169778510)
[1;36m[*][0m KASLR: base=0xffffffd169600000 slide=0x1161600000
[1;36m[*][0m selinux_state = 0xffffffd16c3a9d78
[1;36m[*][0m init_task     = 0xffffffd16c243640
[1;36m[*][0m fake base     = z_pagemap_global + 0x200
[1;36m[*][0m fake_lock     = 0xffffffd16c3a12b0
[1;36m[*][0m fake_lock2    = 0xffffffd16c3a1330
[1;36m[*][0m safe_write    = 0xffffffd16c353000 (empty_zero_page)
[1;36m[*][0m val2mb        = 0xffffffd16be00000 (2MB-aligned)
[1;30m[~][0m Y tid=9191
[1;30m[~][0m X tid=9192
[1;30m[~][0m topology ready; CMP_REQUEUE_PI(cond) -> cycle
[1;30m[~][0m CMP_REQUEUE_PI returned -35
[1;32m[+][0m -EDEADLK: full chain walk caught PI cycle
[1;30m[~][0m phase1: sched_setscheduler(Y) -> settle ghost
[1;32m[+][0m phase1: chain walk settled
[1;36m[*][0m selinux = 1 (enforcing)
[1;36m[*][0m write trigger=0 (value 0xffffffd16c353000 -> 0xffffffd16c3a9d78)
[1;36m[*][0m write trigger=0 (value 0xffffffd16be00000 -> 0xffffffd16c3a9d7c)
[1;31m[-][0m selinux write fail (still 1)
[1;33m[!][0m stable test: parking forever. do not join/exit Y/X.
EXIT=124
